// Jest Snapshot v1, https://goo.gl/fbAQLP

exports[`TopNav Component - Snapshot Test matches the snapshot 1`] = `
<DocumentFragment>
  <div
    class="MagentaA11y__navbar"
    data-theme="dark"
  >
    <div
      class="MagentaA11y__brand"
    >
      <a
        aria-current="page"
        aria-label="Magenta A11y - Home"
        class="MagentaA11y__brand--name active"
        href="/home"
      >
        A11y
      </a>
    </div>
    <nav
      aria-label="main"
      class="MagentaA11y__navbar__nav"
    >
      <ul
        class="MagentaA11y__nav-items"
      >
        <li
          class="MagentaA11y__nav-items--item"
        >
          <a
            class="MagentaA11y__nav-items--link"
            href="/web-criteria/component/overview"
          >
            <span
              class="MagentaA11y__nav-items--label"
            >
              Web Criteria
            </span>
          </a>
        </li>
        <li
          class="MagentaA11y__nav-items--item"
        >
          <a
            class="MagentaA11y__nav-items--link"
            href="/native-criteria/component/overview"
          >
            <span
              class="MagentaA11y__nav-items--label"
            >
              Native App Criteria
            </span>
          </a>
        </li>
        <li
          class="MagentaA11y__nav-items--item"
        >
          <a
            class="MagentaA11y__nav-items--link"
            href="/about"
          >
            <span
              class="MagentaA11y__nav-items--label"
            >
              About Us
            </span>
          </a>
        </li>
      </ul>
    </nav>
  </div>
</DocumentFragment>
`;
